// Jest Snapshot v1, https://goo.gl/fbAQLP

exports[`Chartjs Bubble Comp, snapshot matches snapshot 1`] = `
<div style="height:100%;width:100%;position:relative;">
    <!---->
    <div>
        <canvas id="chartjs-bubble" width="400" height="400"></canvas>
    </div>
</div>
`;
