// Jest Snapshot v1, https://goo.gl/fbAQLP

exports[`Chartjs Line chart, snapshot matches snapshot 1`] = `
<div>
    <canvas id="line-chart" width="400" height="400"></canvas>
</div>
`;
