// Jest Snapshot v1, https://goo.gl/fbAQLP

exports[`Chartjs BarLine chart, snapshot matches snapshot 1`] = `
<div>
    <canvas id="bar-chart" width="400" height="400"></canvas>
</div>
`;
