// Jest Snapshot v1, https://goo.gl/fbAQLP

exports[`Chartjs Polar area, snapshot matches snapshot 1`] = `
<div>
    <canvas id="polar-chart" width="400" height="400"></canvas>
</div>
`;
