// Jest Snapshot v1, https://goo.gl/fbAQLP

exports[`Chartjs Scatter Plot, snapshot matches snapshot 1`] = `
<div>
    <canvas id="scatter-chart" width="400" height="400"></canvas>
</div>
`;
