// Jest Snapshot v1, https://goo.gl/fbAQLP

exports[`Chartjs Pie chart, snapshot matches snapshot 1`] = `
<div>
    <canvas id="pie-chart" width="400" height="400"></canvas>
</div>
`;
