// Jest Snapshot v1, https://goo.gl/fbAQLP

exports[`Chartist Line chart, snapshot matches snapshot 1`] = `
<div style="width:100%;height:100%;">
    <!---->
    <chartist type="Line" data="[object Object]" options="[object Object]" id="chartist-line-chart" style="height:100%;"></chartist>
</div>
`;
