// Jest Snapshot v1, https://goo.gl/fbAQLP

exports[`Chartist Pie chart, snapshot matches snapshot 1`] = `
<div style="width:100%;height:100%;">
    <!---->
    <chartist type="Pie" data="[object Object]" options="[object Object]" responsiveOptions="screen and (min-width: 640px),[object Object]" id="chartist-pie-chart" style="height:100%;"></chartist>
</div>
`;
